../Core/Src/lcd.c:11:6:Delay	16	static
../Core/Src/lcd.c:13:6:LCD_INIT	16	static
../Core/Src/lcd.c:23:6:LCD_Rst	8	static
../Core/Src/lcd.c:32:6:LCD_BackLed_Control	16	static
../Core/Src/lcd.c:43:6:LCD_Write_Cmd	16	static
../Core/Src/lcd.c:51:6:LCD_Write_Data	16	static
../Core/Src/lcd.c:59:10:LCD_Read_Data	4	static
../Core/Src/lcd.c:65:6:LCD_REG_Config	8	static
../Core/Src/lcd.c:229:6:LCD_OpenWindow	24	static
../Core/Src/lcd.c:246:6:LCD_FillColor	24	static
../Core/Src/lcd.c:261:6:LCD_Clear	24	static
../Core/Src/lcd.c:270:10:LCD_Read_PixelData	16	static
../Core/Src/lcd.c:290:10:LCD_GetPointPixel	24	static
../Core/Src/lcd.c:304:6:LCD_DrawLine	64	static
../Core/Src/lcd.c:375:6:LCD_DrawChar	32	static
../Core/Src/lcd.c:409:6:LCD_DrawNote	32	static
../Core/Src/lcd.c:455:6:LCD_DrawBlank	32	static
../Core/Src/lcd.c:471:6:LCD_DrawString	40	static
../Core/Src/lcd.c:497:6:LCD_DrawDot	16	static
../Core/Src/lcd.c:510:6:LCD_DrawEllipse	56	static
