../Core/Src/main.c:95:6:Userface1	16	static
../Core/Src/main.c:123:6:displaybpm	24	static
../Core/Src/main.c:128:6:Userface3	24	static
../Core/Src/main.c:167:6:Userface2	16	static
../Core/Src/main.c:195:6:Userface4	24	static
../Core/Src/main.c:224:6:updatestr	24	static
../Core/Src/main.c:236:6:DrawNote	32	static
../Core/Src/main.c:242:6:DrawUpdateNote	40	static
../Core/Src/main.c:248:6:Userface5	32	static
../Core/Src/main.c:294:6:changeUserface	8	static
../Core/Src/main.c:411:5:main	8	static
../Core/Src/main.c:466:6:SystemClock_Config	72	static
../Core/Src/main.c:507:13:MX_TIM2_Init	32	static
../Core/Src/main.c:552:13:MX_TIM3_Init	32	static
../Core/Src/main.c:597:13:MX_TIM4_Init	64	static
../Core/Src/main.c:656:13:MX_GPIO_Init	48	static
../Core/Src/main.c:733:13:MX_FSMC_Init	40	static
../Core/Src/main.c:790:6:HAL_TIM_PeriodElapsedCallback	24	static
../Core/Src/main.c:962:6:Error_Handler	4	static,ignoring_inline_asm
